00:00 +0: loading C:/Users/KIIT/OneDrive/Desktop/RealMe/test/features/chat/data/chat_repository_test.dart
00:00 +0: sendMessage should call set on firestore when simple message is sent
00:00 +0 -1: sendMessage should call set on firestore when simple message is sent [E]
  MissingDummyValueError: Result<void>
  
  This means Mockito was not smart enough to generate a dummy value of type
  'Result<void>'. Please consider using either 'provideDummy' or 'provideDummyBuilder'
  functions to give Mockito a proper dummy value.
  
  Please note that due to implementation details Mockito sometimes needs users
  to provide dummy values for some types, even if they plan to explicitly stub
  all the called methods.
  
  package:mockito/src/dummies.dart 160:3                          dummyValue
  test\features\chat\data\chat_repository_test.mocks.dart 999:19  MockHiveService.addPendingMessage
  test\features\chat\data\chat_repository_test.dart 42:26         main.<fn>
  
00:00 +0 -1: sendMessage should fallback to hive when firestore fail
  Skip: Fix flaky test (Mock.noSuchMethod)
00:00 +0 ~1 -1: Some tests failed.
